// Jest Snapshot v1, https://goo.gl/fbAQLP

exports[`responds with data 1`] = `
Object {
  "id": "kzoc",
}
`;
